// Jest Snapshot v1, https://goo.gl/fbAQLP

exports[`renders without crashing 1`] = `
<View
  style={
    Object {
      "alignItems": "center",
      "backgroundColor": "#b5ce4d",
      "flex": 1,
      "justifyContent": "center",
    }
  }
>
  <View
    style={
      Object {
        "alignItems": "center",
        "flex": 1,
        "justifyContent": "center",
      }
    }
  >
    <View
      style={
        Array [
          Object {
            "alignItems": "center",
            "backgroundColor": "rgba(255,255,255,0.2)",
            "borderRadius": 9999,
            "height": 135.41666666666669,
            "justifyContent": "center",
            "padding": 5,
            "width": 135.41666666666669,
          },
          Object {
            "marginLeft": 36.458333333333336,
          },
        ]
      }
    >
      <Text
        accessible={true}
        allowFontScaling={true}
        ellipsizeMode="tail"
        style={
          Array [
            Object {
              "backgroundColor": "transparent",
              "color": "#fff",
              "fontSize": 40,
              "fontWeight": "bold",
              "textAlign": "center",
            },
            Object {
              "fontSize": 52.083333333333336,
            },
          ]
        }
      >
        Aa
      </Text>
    </View>
    <View
      style={
        Object {
          "alignItems": "center",
          "flexDirection": "row",
          "marginTop": -28.125000000000004,
        }
      }
    >
      <View
        style={
          Array [
            Object {
              "backgroundColor": "rgba(255, 255, 255, 0.2)",
              "borderRadius": 9999999,
              "margin": 13.541666666666668,
            },
            Object {
              "margin": 0,
            },
          ]
        }
      >
        <Image
          resizeMode="cover"
          source={1}
          style={
            Object {
              "borderRadius": 67.70833333333334,
              "height": 135.41666666666669,
              "margin": 13.541666666666668,
              "width": 135.41666666666669,
            }
          }
        />
      </View>
      <View
        style={
          Array [
            Object {
              "backgroundColor": "rgba(255, 255, 255, 0.2)",
              "borderRadius": 9999999,
              "margin": 11.458333333333334,
            },
            Object {
              "margin": 0,
            },
          ]
        }
      >
        <Image
          resizeMode="cover"
          source={1}
          style={
            Object {
              "borderRadius": 57.29166666666667,
              "height": 114.58333333333334,
              "margin": 11.458333333333334,
              "width": 114.58333333333334,
            }
          }
        />
      </View>
    </View>
    <View
      style={
        Array [
          Object {
            "backgroundColor": "rgba(255, 255, 255, 0.2)",
            "borderRadius": 9999999,
            "margin": 13.541666666666668,
          },
          Object {
            "marginLeft": 52.083333333333336,
            "marginTop": -26.041666666666668,
          },
        ]
      }
    >
      <Image
        resizeMode="cover"
        source={1}
        style={
          Object {
            "borderRadius": 67.70833333333334,
            "height": 135.41666666666669,
            "margin": 13.541666666666668,
            "width": 135.41666666666669,
          }
        }
      />
    </View>
  </View>
</View>
`;
