// Jest Snapshot v1, https://goo.gl/fbAQLP

exports[`renders without crashing 1`] = `
<View
  style={
    Object {
      "alignItems": "center",
      "backgroundColor": "black",
      "flex": 1,
      "justifyContent": "center",
    }
  }
>
  <View
    style={
      Object {
        "alignItems": "center",
        "justifyContent": "center",
        "width": "100%",
      }
    }
  >
    <Video
      accessibilityComponentType={undefined}
      accessibilityLabel={undefined}
      accessibilityTraits={undefined}
      accessible={true}
      callback={[Function]}
      hitSlop={undefined}
      onLayout={undefined}
      onResponderGrant={[Function]}
      onResponderMove={[Function]}
      onResponderRelease={[Function]}
      onResponderTerminate={[Function]}
      onResponderTerminationRequest={[Function]}
      onStartShouldSetResponder={[Function]}
      resizeMode={undefined}
      shouldPlay={true}
      source={1337}
      style={
        Object {
          "width": "100%",
        }
      }
      testID={undefined}
    />
  </View>
</View>
`;
